// Jest Snapshot v1, https://goo.gl/fbAQLP

exports[`codeGen element 1`] = `
"const {create_element_vnode:_create_element_vnode}=Vue
return function render(_ctx, _cache){return _create_element_vnode("div")}"
`;
